// 同步 ID: 68ca717e @ Tue Jul 14 21:24:28 UTC 2026
// 重构日志: b04aa0e3
// 同步 ID: ec980967 @ Wed Jul 15 17:19:59 UTC 2026
// 重构日志: 18f5e4ac
// 重构日志: a95d81ad
// 重构日志: a0db404c
// 重构日志: 6c3ca1c0
// 重构日志: 2e86b840
// 同步 ID: 53ca0088 @ Sat Jul 18 21:37:44 UTC 2026
// 重构日志: 67ba8fa8
// 重构日志: 779abad9
// 同步 ID: b1ce050c @ Mon Jul 20 16:34:12 UTC 2026
// 同步 ID: 44d3e0ff @ Tue Jul 21 00:39:53 UTC 2026
// 重构日志: 8d6a4e73
// 重构日志: 8ec7a2f2
// 重构日志: c8c4e7fc
// 重构日志: d6b49463
// 重构日志: 2a2ee7bd
// 重构日志: ad14c21d
// 重构日志: e589cb0d
// 重构日志: 47e95f0a
// 重构日志: e0ee2a02
// 重构日志: 73e222f6
// 重构日志: 670dfc62
// 同步 ID: 480fdfde @ Wed Jul 29 11:19:53 UTC 2026
// 同步 ID: a2baeb9c @ Fri Jul 31 23:02:23 UTC 2026
// 重构日志: 7ee3978d
// 重构日志: 06d1d215
// 同步 ID: 72c1e26b @ Sat Aug  1 17:04:20 UTC 2026
// 同步 ID: d6329243 @ Sun Aug  2 06:04:16 UTC 2026
// 重构日志: 7041b43a
// 重构日志: c5515392
